// Jest Snapshot v1, https://goo.gl/fbAQLP

exports[`Render SearchResults 1`] = `
<div>
  <div
    className="MuiPaper-root MuiPaper-elevation MuiPaper-rounded MuiPaper-elevation1 MuiTableContainer-root css-11xur9t-MuiPaper-root-MuiTableContainer-root"
  >
    <table
      className="MuiTable-root css-rqglhn-MuiTable-root"
      role={null}
    >
      <thead
        className="MuiTableHead-root css-15wwp11-MuiTableHead-root"
        role={null}
      >
        <tr
          className="MuiTableRow-root MuiTableRow-head css-1q1u3t4-MuiTableRow-root"
          role={null}
        >
          <th
            aria-sort={null}
            className="MuiTableCell-root MuiTableCell-head MuiTableCell-sizeMedium css-1ygcj2i-MuiTableCell-root"
            scope="col"
          >
            Name
          </th>
          <th
            aria-sort={null}
            className="MuiTableCell-root MuiTableCell-head MuiTableCell-sizeMedium css-1ygcj2i-MuiTableCell-root"
            scope="col"
          >
            Owner
          </th>
          <th
            aria-sort={null}
            className="MuiTableCell-root MuiTableCell-head MuiTableCell-sizeMedium css-1ygcj2i-MuiTableCell-root"
            scope="col"
          >
            Stars
          </th>
        </tr>
        <tr
          className="MuiTableRow-root MuiTableRow-head css-1q1u3t4-MuiTableRow-root"
          role={null}
        >
          <th
            aria-sort={null}
            className="MuiTableCell-root MuiTableCell-head MuiTableCell-sizeMedium css-1ygcj2i-MuiTableCell-root"
            scope="col"
          >
            <a
              href="urlToRepo"
            >
              repoName
            </a>
          </th>
          <th
            aria-sort={null}
            className="MuiTableCell-root MuiTableCell-head MuiTableCell-sizeMedium css-1ygcj2i-MuiTableCell-root"
            scope="col"
          >
            owner
          </th>
          <th
            aria-sort={null}
            className="MuiTableCell-root MuiTableCell-head MuiTableCell-sizeMedium css-1ygcj2i-MuiTableCell-root"
            scope="col"
          >
            10
          </th>
        </tr>
      </thead>
    </table>
  </div>
</div>
`;
